// Jest Snapshot v1, https://goo.gl/fbAQLP

exports[`node sanitization Remove not supported fields / values 1`] = `
Object {
  "children": Array [],
  "id": "id1",
  "inlineArray": Array [
    1,
    2,
    3,
  ],
  "inlineObject": Object {
    "field": "fieldOfFirstNode",
  },
  "internal": Object {
    "contentDigest": "digest1",
    "owner": "test",
    "type": "Test",
  },
  "parent": null,
}
`;
